>> which 'I love \'INFO1112\''
I love 'INFO1112' not found

