>> which 'using shlex is so "interestin"'
using shlex is so "interestin" not found

