>> whoami
user
>> wc ~/test_data/movies.txt
  8  32 169 /home/test_data/movies.txt

