>> ./dont_have_this_file.sh
mysh: command not found: ./dont_have_this_file.sh
>> cd ~/test_data/
>> ./file_without_permision.sh
mysh: permission denied: ./file_without_permision.sh
>> ./file_with_permision.sh
You have permision to access this file haha

