>> cd ~/test_data/symbolic_link_detect
>> pwd
/home/test_data/symbolic_link_detect
>> pwd -P
/home/test_data/PWD_TEST/Hello/How/Are/You
>> pwd -fP
pwd: invalid option: -f
>> pwd -f
pwd: invalid option: -f
>> pwd -PPPPPPPPPPPPPPPP
/home/test_data/PWD_TEST/Hello/How/Are/You
>> pwd -P -P -P -P -P -P
/home/test_data/PWD_TEST/Hello/How/Are/You

