>> cd ~/test_data/symbolic_link_detect
>> pwd
/home/test_data/symbolic_link_detect

