>> cd ~/hehehehehehehehe
cd: no such file or directory: /home/hehehehehehehehe

