>> cd ~/mysh.py
cd: not a directory: /home/mysh.py

