>> cd ~/test_data/PWD_TEST/Hello
>> cd ..
>> pwd
/home/test_data/PWD_TEST

