>> cd /root
cd: permission denied: /root
>> pwd
/home/tests

